Creating main window...Ok.

==Init Direct Sound==
Software mixer version 1.3
Back Sound Buffer created.
Device0: Headphones (Realtek(R) Audio)/{0.0.0.00000000}.{31c1572c-5e24-448c-ab1b-85c517f20b7b}
Device1: Speakers (Realtek(R) Audio)/{0.0.0.00000000}.{7252572c-5561-493f-954b-9f05efa257b3}
DirectSoundEnumerate: Ok
Acceptable device: 0
Acceptable device: 1
Device selected  : 0
DirectSoundCreate: Ok
Attempting to set WRITEPRIMARY CooperativeLevel:
Set Cooperative  : Ok
CreateSoundBuffer: Ok (Primary)
SetFormat        : Ok
Play             : Ok
Direct Sound activated.

==Init Direct Draw==
Primary Display Driver/display
DirectDrawCreate: Ok
SetCooperativeLevel: Ok
Direct Draw activated.

== Loading resources ==
Loading resources: Done.
Entering messages loop.
  Entered menu
Audio restored.
Audio restored.
Audio restored.
Audio restored.
Audio restored.
Audio restored.
Audio restored.
Audio restored.
Audio restored.
Audio restored.
Trophy Loaded.
Audio restored.
Audio restored.
Audio restored.
Audio restored.
Audio restored.
Audio restored.
Audio restored.
Audio restored.
Audio restored.
Audio restored.
Audio restored.
Game normal shutdown.
