  Characters.cpp
c:\users\ojm14\documents\github\carnivores-cpe\c2_vs2017\characters.cpp(193): warning C4244: '+=': conversion from 'float' to 'int', possible loss of data
c:\users\ojm14\documents\github\carnivores-cpe\c2_vs2017\characters.cpp(196): warning C4244: '+=': conversion from 'float' to 'int', possible loss of data
c:\users\ojm14\documents\github\carnivores-cpe\c2_vs2017\characters.cpp(279): warning C4244: '=': conversion from 'int' to 'float', possible loss of data
c:\users\ojm14\documents\github\carnivores-cpe\c2_vs2017\characters.cpp(288): warning C4244: 'argument': conversion from 'float' to 'int', possible loss of data
c:\users\ojm14\documents\github\carnivores-cpe\c2_vs2017\characters.cpp(288): warning C4244: '=': conversion from 'int' to 'float', possible loss of data
c:\users\ojm14\documents\github\carnivores-cpe\c2_vs2017\characters.cpp(338): warning C4244: 'initializing': conversion from 'int' to 'float', possible loss of data
c:\users\ojm14\documents\github\carnivores-cpe\c2_vs2017\characters.cpp(352): warning C4244: '=': conversion from 'float' to 'int', possible loss of data
c:\users\ojm14\documents\github\carnivores-cpe\c2_vs2017\characters.cpp(397): warning C4244: 'initializing': conversion from 'int' to 'float', possible loss of data
c:\users\ojm14\documents\github\carnivores-cpe\c2_vs2017\characters.cpp(1508): warning C4244: '=': conversion from 'double' to 'int', possible loss of data
c:\users\ojm14\documents\github\carnivores-cpe\c2_vs2017\characters.cpp(1519): warning C4244: 'initializing': conversion from 'double' to 'float', possible loss of data
c:\users\ojm14\documents\github\carnivores-cpe\c2_vs2017\characters.cpp(1536): warning C4244: '=': conversion from 'int' to 'float', possible loss of data
c:\users\ojm14\documents\github\carnivores-cpe\c2_vs2017\characters.cpp(1539): warning C4244: '=': conversion from 'int' to 'float', possible loss of data
c:\users\ojm14\documents\github\carnivores-cpe\c2_vs2017\characters.cpp(1556): warning C4244: 'initializing': conversion from 'double' to 'float', possible loss of data
c:\users\ojm14\documents\github\carnivores-cpe\c2_vs2017\characters.cpp(1557): warning C4244: 'initializing': conversion from 'float' to 'int', possible loss of data
c:\users\ojm14\documents\github\carnivores-cpe\c2_vs2017\characters.cpp(1657): warning C4244: 'initializing': conversion from 'double' to 'float', possible loss of data
c:\users\ojm14\documents\github\carnivores-cpe\c2_vs2017\characters.cpp(1666): warning C4244: '=': conversion from 'int' to 'float', possible loss of data
c:\users\ojm14\documents\github\carnivores-cpe\c2_vs2017\characters.cpp(1673): warning C4244: 'initializing': conversion from 'double' to 'float', possible loss of data
c:\users\ojm14\documents\github\carnivores-cpe\c2_vs2017\characters.cpp(1674): warning C4244: 'initializing': conversion from 'float' to 'int', possible loss of data
c:\users\ojm14\documents\github\carnivores-cpe\c2_vs2017\characters.cpp(2331): warning C4244: '=': conversion from 'int' to 'float', possible loss of data
c:\users\ojm14\documents\github\carnivores-cpe\c2_vs2017\characters.cpp(2521): warning C4244: 'initializing': conversion from 'int' to 'float', possible loss of data
c:\users\ojm14\documents\github\carnivores-cpe\c2_vs2017\characters.cpp(2572): warning C4244: '=': conversion from 'int' to 'float', possible loss of data
c:\users\ojm14\documents\github\carnivores-cpe\c2_vs2017\characters.cpp(2730): warning C4244: 'initializing': conversion from 'double' to 'float', possible loss of data
c:\users\ojm14\documents\github\carnivores-cpe\c2_vs2017\characters.cpp(2954): warning C4244: 'initializing': conversion from 'double' to 'float', possible loss of data
c:\users\ojm14\documents\github\carnivores-cpe\c2_vs2017\characters.cpp(2980): warning C4244: 'initializing': conversion from 'double' to 'float', possible loss of data
c:\users\ojm14\documents\github\carnivores-cpe\c2_vs2017\characters.cpp(2984): warning C4244: 'initializing': conversion from 'float' to 'int', possible loss of data
c:\users\ojm14\documents\github\carnivores-cpe\c2_vs2017\characters.cpp(3193): warning C4244: 'initializing': conversion from 'double' to 'float', possible loss of data
c:\users\ojm14\documents\github\carnivores-cpe\c2_vs2017\characters.cpp(3243): warning C4244: 'initializing': conversion from 'double' to 'float', possible loss of data
c:\users\ojm14\documents\github\carnivores-cpe\c2_vs2017\characters.cpp(3244): warning C4244: 'initializing': conversion from 'double' to 'float', possible loss of data
c:\users\ojm14\documents\github\carnivores-cpe\c2_vs2017\characters.cpp(3315): warning C4244: 'initializing': conversion from 'double' to 'float', possible loss of data
c:\users\ojm14\documents\github\carnivores-cpe\c2_vs2017\characters.cpp(3051): warning C4102: 'NOTHINK': unreferenced label
c:\users\ojm14\documents\github\carnivores-cpe\c2_vs2017\characters.cpp(3462): warning C4244: '=': conversion from 'int' to 'float', possible loss of data
c:\users\ojm14\documents\github\carnivores-cpe\c2_vs2017\characters.cpp(3464): warning C4244: '=': conversion from 'int' to 'float', possible loss of data
c:\users\ojm14\documents\github\carnivores-cpe\c2_vs2017\characters.cpp(3804): warning C4244: 'initializing': conversion from 'double' to 'float', possible loss of data
c:\users\ojm14\documents\github\carnivores-cpe\c2_vs2017\characters.cpp(4014): warning C4244: '=': conversion from 'int' to 'float', possible loss of data
c:\users\ojm14\documents\github\carnivores-cpe\c2_vs2017\characters.cpp(4015): warning C4244: '=': conversion from 'int' to 'float', possible loss of data
c:\users\ojm14\documents\github\carnivores-cpe\c2_vs2017\characters.cpp(4021): warning C4244: '=': conversion from 'int' to 'float', possible loss of data
c:\users\ojm14\documents\github\carnivores-cpe\c2_vs2017\characters.cpp(4022): warning C4244: '=': conversion from 'int' to 'float', possible loss of data
c:\users\ojm14\documents\github\carnivores-cpe\c2_vs2017\characters.cpp(4055): warning C4244: '=': conversion from 'int' to 'float', possible loss of data
c:\users\ojm14\documents\github\carnivores-cpe\c2_vs2017\characters.cpp(4056): warning C4244: '=': conversion from 'int' to 'float', possible loss of data
c:\users\ojm14\documents\github\carnivores-cpe\c2_vs2017\characters.cpp(4120): warning C4244: '=': conversion from 'int' to 'float', possible loss of data
c:\users\ojm14\documents\github\carnivores-cpe\c2_vs2017\characters.cpp(4452): warning C4244: 'initializing': conversion from 'double' to 'float', possible loss of data
c:\users\ojm14\documents\github\carnivores-cpe\c2_vs2017\characters.cpp(5777): warning C4244: '+=': conversion from 'float' to 'int', possible loss of data
c:\users\ojm14\documents\github\carnivores-cpe\c2_vs2017\characters.cpp(6023): warning C4244: 'argument': conversion from 'float' to 'int', possible loss of data
c:\users\ojm14\documents\github\carnivores-cpe\c2_vs2017\characters.cpp(6023): warning C4244: 'initializing': conversion from 'double' to 'float', possible loss of data
c:\users\ojm14\documents\github\carnivores-cpe\c2_vs2017\characters.cpp(6025): warning C4244: 'argument': conversion from 'float' to 'int', possible loss of data
c:\users\ojm14\documents\github\carnivores-cpe\c2_vs2017\characters.cpp(6025): warning C4244: 'initializing': conversion from 'double' to 'float', possible loss of data
c:\users\ojm14\documents\github\carnivores-cpe\c2_vs2017\characters.cpp(6035): warning C4305: 'argument': truncation from 'double' to 'float'
c:\users\ojm14\documents\github\carnivores-cpe\c2_vs2017\characters.cpp(6156): warning C4244: '=': conversion from 'double' to 'float', possible loss of data
c:\users\ojm14\documents\github\carnivores-cpe\c2_vs2017\characters.cpp(6193): warning C4244: 'initializing': conversion from 'double' to 'float', possible loss of data
c:\users\ojm14\documents\github\carnivores-cpe\c2_vs2017\characters.cpp(6219): warning C4244: 'initializing': conversion from 'int' to 'float', possible loss of data
c:\users\ojm14\documents\github\carnivores-cpe\c2_vs2017\characters.cpp(6584): warning C4244: 'initializing': conversion from 'double' to 'float', possible loss of data
c:\users\ojm14\documents\github\carnivores-cpe\c2_vs2017\characters.cpp(6587): warning C4244: '=': conversion from 'double' to 'float', possible loss of data
c:\users\ojm14\documents\github\carnivores-cpe\c2_vs2017\characters.cpp(6601): warning C4305: 'initializing': truncation from 'double' to 'float'
c:\users\ojm14\documents\github\carnivores-cpe\c2_vs2017\characters.cpp(7454): warning C4244: '-=': conversion from 'double' to 'float', possible loss of data
c:\users\ojm14\documents\github\carnivores-cpe\c2_vs2017\characters.cpp(7561): warning C4244: '-=': conversion from 'double' to 'float', possible loss of data
c:\users\ojm14\documents\github\carnivores-cpe\c2_vs2017\characters.cpp(8500): warning C4244: 'argument': conversion from 'double' to 'float', possible loss of data
c:\users\ojm14\documents\github\carnivores-cpe\c2_vs2017\characters.cpp(8689): warning C4244: 'argument': conversion from 'double' to 'float', possible loss of data
c:\users\ojm14\documents\github\carnivores-cpe\c2_vs2017\characters.cpp(8992): warning C4244: '+=': conversion from 'double' to 'float', possible loss of data
c:\users\ojm14\documents\github\carnivores-cpe\c2_vs2017\characters.cpp(9210): warning C4244: '=': conversion from 'int' to 'float', possible loss of data
c:\users\ojm14\documents\github\carnivores-cpe\c2_vs2017\characters.cpp(9212): warning C4244: '=': conversion from 'int' to 'float', possible loss of data
c:\users\ojm14\documents\github\carnivores-cpe\c2_vs2017\characters.cpp(9266): warning C4244: '=': conversion from 'int' to 'float', possible loss of data
c:\users\ojm14\documents\github\carnivores-cpe\c2_vs2017\characters.cpp(9269): warning C4244: '=': conversion from 'int' to 'float', possible loss of data
c:\users\ojm14\documents\github\carnivores-cpe\c2_vs2017\characters.cpp(9774): warning C4244: 'initializing': conversion from 'int' to 'float', possible loss of data
c:\users\ojm14\documents\github\carnivores-cpe\c2_vs2017\characters.cpp(9799): warning C4244: 'initializing': conversion from 'int' to 'float', possible loss of data
c:\users\ojm14\documents\github\carnivores-cpe\c2_vs2017\characters.cpp(9892): warning C4244: 'initializing': conversion from 'int' to 'float', possible loss of data
c:\users\ojm14\documents\github\carnivores-cpe\c2_vs2017\characters.cpp(10318): warning C4101: 'pmk1': unreferenced local variable
c:\users\ojm14\documents\github\carnivores-cpe\c2_vs2017\characters.cpp(10318): warning C4101: 'pmk2': unreferenced local variable
c:\users\ojm14\documents\github\carnivores-cpe\c2_vs2017\characters.cpp(10318): warning C4101: 'pk2': unreferenced local variable
c:\users\ojm14\documents\github\carnivores-cpe\c2_vs2017\characters.cpp(10318): warning C4101: 'pk1': unreferenced local variable
c:\users\ojm14\documents\github\carnivores-cpe\c2_vs2017\characters.cpp(10306): warning C4101: 'PCurFrame': unreferenced local variable
  Generating code
  8 of 398 functions ( 2.0%) were compiled, the rest were copied from previous compilation.
    0 functions were new in current compilation
    11 functions had inline decision re-evaluated but remain unchanged
  Finished generating code
  C2.vcxproj -> C:\Users\ojm14\Documents\GitHub\Carnivores-CPE\C2_vs2017\Release 3DFX\v_3dfx.ren
