  Audio_DLL.cpp
  Characters.cpp
c:\users\ojm14\documents\github\carnivores-cpe\c2_vs2017\characters.cpp(193): warning C4244: '+=': conversion from 'float' to 'int', possible loss of data
c:\users\ojm14\documents\github\carnivores-cpe\c2_vs2017\characters.cpp(196): warning C4244: '+=': conversion from 'float' to 'int', possible loss of data
c:\users\ojm14\documents\github\carnivores-cpe\c2_vs2017\characters.cpp(279): warning C4244: '=': conversion from 'int' to 'float', possible loss of data
c:\users\ojm14\documents\github\carnivores-cpe\c2_vs2017\characters.cpp(288): warning C4244: 'argument': conversion from 'float' to 'int', possible loss of data
c:\users\ojm14\documents\github\carnivores-cpe\c2_vs2017\characters.cpp(288): warning C4244: '=': conversion from 'int' to 'float', possible loss of data
c:\users\ojm14\documents\github\carnivores-cpe\c2_vs2017\characters.cpp(338): warning C4244: 'initializing': conversion from 'int' to 'float', possible loss of data
c:\users\ojm14\documents\github\carnivores-cpe\c2_vs2017\characters.cpp(352): warning C4244: '=': conversion from 'float' to 'int', possible loss of data
c:\users\ojm14\documents\github\carnivores-cpe\c2_vs2017\characters.cpp(397): warning C4244: 'initializing': conversion from 'int' to 'float', possible loss of data
c:\users\ojm14\documents\github\carnivores-cpe\c2_vs2017\characters.cpp(1508): warning C4244: '=': conversion from 'double' to 'int', possible loss of data
c:\users\ojm14\documents\github\carnivores-cpe\c2_vs2017\characters.cpp(1519): warning C4244: 'initializing': conversion from 'double' to 'float', possible loss of data
c:\users\ojm14\documents\github\carnivores-cpe\c2_vs2017\characters.cpp(1536): warning C4244: '=': conversion from 'int' to 'float', possible loss of data
c:\users\ojm14\documents\github\carnivores-cpe\c2_vs2017\characters.cpp(1539): warning C4244: '=': conversion from 'int' to 'float', possible loss of data
c:\users\ojm14\documents\github\carnivores-cpe\c2_vs2017\characters.cpp(1556): warning C4244: 'initializing': conversion from 'double' to 'float', possible loss of data
c:\users\ojm14\documents\github\carnivores-cpe\c2_vs2017\characters.cpp(1557): warning C4244: 'initializing': conversion from 'float' to 'int', possible loss of data
c:\users\ojm14\documents\github\carnivores-cpe\c2_vs2017\characters.cpp(1657): warning C4244: 'initializing': conversion from 'double' to 'float', possible loss of data
c:\users\ojm14\documents\github\carnivores-cpe\c2_vs2017\characters.cpp(1666): warning C4244: '=': conversion from 'int' to 'float', possible loss of data
c:\users\ojm14\documents\github\carnivores-cpe\c2_vs2017\characters.cpp(1673): warning C4244: 'initializing': conversion from 'double' to 'float', possible loss of data
c:\users\ojm14\documents\github\carnivores-cpe\c2_vs2017\characters.cpp(1674): warning C4244: 'initializing': conversion from 'float' to 'int', possible loss of data
c:\users\ojm14\documents\github\carnivores-cpe\c2_vs2017\characters.cpp(2331): warning C4244: '=': conversion from 'int' to 'float', possible loss of data
c:\users\ojm14\documents\github\carnivores-cpe\c2_vs2017\characters.cpp(2521): warning C4244: 'initializing': conversion from 'int' to 'float', possible loss of data
c:\users\ojm14\documents\github\carnivores-cpe\c2_vs2017\characters.cpp(2572): warning C4244: '=': conversion from 'int' to 'float', possible loss of data
c:\users\ojm14\documents\github\carnivores-cpe\c2_vs2017\characters.cpp(2730): warning C4244: 'initializing': conversion from 'double' to 'float', possible loss of data
c:\users\ojm14\documents\github\carnivores-cpe\c2_vs2017\characters.cpp(2955): warning C4244: 'initializing': conversion from 'double' to 'float', possible loss of data
c:\users\ojm14\documents\github\carnivores-cpe\c2_vs2017\characters.cpp(2981): warning C4244: 'initializing': conversion from 'double' to 'float', possible loss of data
c:\users\ojm14\documents\github\carnivores-cpe\c2_vs2017\characters.cpp(2985): warning C4244: 'initializing': conversion from 'float' to 'int', possible loss of data
c:\users\ojm14\documents\github\carnivores-cpe\c2_vs2017\characters.cpp(3194): warning C4244: 'initializing': conversion from 'double' to 'float', possible loss of data
c:\users\ojm14\documents\github\carnivores-cpe\c2_vs2017\characters.cpp(3244): warning C4244: 'initializing': conversion from 'double' to 'float', possible loss of data
c:\users\ojm14\documents\github\carnivores-cpe\c2_vs2017\characters.cpp(3245): warning C4244: 'initializing': conversion from 'double' to 'float', possible loss of data
c:\users\ojm14\documents\github\carnivores-cpe\c2_vs2017\characters.cpp(3317): warning C4244: 'initializing': conversion from 'double' to 'float', possible loss of data
c:\users\ojm14\documents\github\carnivores-cpe\c2_vs2017\characters.cpp(3052): warning C4102: 'NOTHINK': unreferenced label
c:\users\ojm14\documents\github\carnivores-cpe\c2_vs2017\characters.cpp(3464): warning C4244: '=': conversion from 'int' to 'float', possible loss of data
c:\users\ojm14\documents\github\carnivores-cpe\c2_vs2017\characters.cpp(3466): warning C4244: '=': conversion from 'int' to 'float', possible loss of data
c:\users\ojm14\documents\github\carnivores-cpe\c2_vs2017\characters.cpp(3806): warning C4244: 'initializing': conversion from 'double' to 'float', possible loss of data
c:\users\ojm14\documents\github\carnivores-cpe\c2_vs2017\characters.cpp(4016): warning C4244: '=': conversion from 'int' to 'float', possible loss of data
c:\users\ojm14\documents\github\carnivores-cpe\c2_vs2017\characters.cpp(4017): warning C4244: '=': conversion from 'int' to 'float', possible loss of data
c:\users\ojm14\documents\github\carnivores-cpe\c2_vs2017\characters.cpp(4023): warning C4244: '=': conversion from 'int' to 'float', possible loss of data
c:\users\ojm14\documents\github\carnivores-cpe\c2_vs2017\characters.cpp(4024): warning C4244: '=': conversion from 'int' to 'float', possible loss of data
c:\users\ojm14\documents\github\carnivores-cpe\c2_vs2017\characters.cpp(4057): warning C4244: '=': conversion from 'int' to 'float', possible loss of data
c:\users\ojm14\documents\github\carnivores-cpe\c2_vs2017\characters.cpp(4058): warning C4244: '=': conversion from 'int' to 'float', possible loss of data
c:\users\ojm14\documents\github\carnivores-cpe\c2_vs2017\characters.cpp(4122): warning C4244: '=': conversion from 'int' to 'float', possible loss of data
c:\users\ojm14\documents\github\carnivores-cpe\c2_vs2017\characters.cpp(4454): warning C4244: 'initializing': conversion from 'double' to 'float', possible loss of data
c:\users\ojm14\documents\github\carnivores-cpe\c2_vs2017\characters.cpp(5779): warning C4244: '+=': conversion from 'float' to 'int', possible loss of data
c:\users\ojm14\documents\github\carnivores-cpe\c2_vs2017\characters.cpp(6025): warning C4244: 'argument': conversion from 'float' to 'int', possible loss of data
c:\users\ojm14\documents\github\carnivores-cpe\c2_vs2017\characters.cpp(6025): warning C4244: 'initializing': conversion from 'double' to 'float', possible loss of data
c:\users\ojm14\documents\github\carnivores-cpe\c2_vs2017\characters.cpp(6027): warning C4244: 'argument': conversion from 'float' to 'int', possible loss of data
c:\users\ojm14\documents\github\carnivores-cpe\c2_vs2017\characters.cpp(6027): warning C4244: 'initializing': conversion from 'double' to 'float', possible loss of data
c:\users\ojm14\documents\github\carnivores-cpe\c2_vs2017\characters.cpp(6037): warning C4305: 'argument': truncation from 'double' to 'float'
c:\users\ojm14\documents\github\carnivores-cpe\c2_vs2017\characters.cpp(6158): warning C4244: '=': conversion from 'double' to 'float', possible loss of data
c:\users\ojm14\documents\github\carnivores-cpe\c2_vs2017\characters.cpp(6195): warning C4244: 'initializing': conversion from 'double' to 'float', possible loss of data
c:\users\ojm14\documents\github\carnivores-cpe\c2_vs2017\characters.cpp(6221): warning C4244: 'initializing': conversion from 'int' to 'float', possible loss of data
c:\users\ojm14\documents\github\carnivores-cpe\c2_vs2017\characters.cpp(6586): warning C4244: 'initializing': conversion from 'double' to 'float', possible loss of data
c:\users\ojm14\documents\github\carnivores-cpe\c2_vs2017\characters.cpp(6589): warning C4244: '=': conversion from 'double' to 'float', possible loss of data
c:\users\ojm14\documents\github\carnivores-cpe\c2_vs2017\characters.cpp(6603): warning C4305: 'initializing': truncation from 'double' to 'float'
c:\users\ojm14\documents\github\carnivores-cpe\c2_vs2017\characters.cpp(7456): warning C4244: '-=': conversion from 'double' to 'float', possible loss of data
c:\users\ojm14\documents\github\carnivores-cpe\c2_vs2017\characters.cpp(7563): warning C4244: '-=': conversion from 'double' to 'float', possible loss of data
c:\users\ojm14\documents\github\carnivores-cpe\c2_vs2017\characters.cpp(8502): warning C4244: 'argument': conversion from 'double' to 'float', possible loss of data
c:\users\ojm14\documents\github\carnivores-cpe\c2_vs2017\characters.cpp(8691): warning C4244: 'argument': conversion from 'double' to 'float', possible loss of data
c:\users\ojm14\documents\github\carnivores-cpe\c2_vs2017\characters.cpp(8994): warning C4244: '+=': conversion from 'double' to 'float', possible loss of data
c:\users\ojm14\documents\github\carnivores-cpe\c2_vs2017\characters.cpp(9212): warning C4244: '=': conversion from 'int' to 'float', possible loss of data
c:\users\ojm14\documents\github\carnivores-cpe\c2_vs2017\characters.cpp(9214): warning C4244: '=': conversion from 'int' to 'float', possible loss of data
c:\users\ojm14\documents\github\carnivores-cpe\c2_vs2017\characters.cpp(9268): warning C4244: '=': conversion from 'int' to 'float', possible loss of data
c:\users\ojm14\documents\github\carnivores-cpe\c2_vs2017\characters.cpp(9271): warning C4244: '=': conversion from 'int' to 'float', possible loss of data
c:\users\ojm14\documents\github\carnivores-cpe\c2_vs2017\characters.cpp(9776): warning C4244: 'initializing': conversion from 'int' to 'float', possible loss of data
c:\users\ojm14\documents\github\carnivores-cpe\c2_vs2017\characters.cpp(9801): warning C4244: 'initializing': conversion from 'int' to 'float', possible loss of data
c:\users\ojm14\documents\github\carnivores-cpe\c2_vs2017\characters.cpp(9894): warning C4244: 'initializing': conversion from 'int' to 'float', possible loss of data
c:\users\ojm14\documents\github\carnivores-cpe\c2_vs2017\characters.cpp(10320): warning C4101: 'pmk1': unreferenced local variable
c:\users\ojm14\documents\github\carnivores-cpe\c2_vs2017\characters.cpp(10320): warning C4101: 'pmk2': unreferenced local variable
c:\users\ojm14\documents\github\carnivores-cpe\c2_vs2017\characters.cpp(10320): warning C4101: 'pk2': unreferenced local variable
c:\users\ojm14\documents\github\carnivores-cpe\c2_vs2017\characters.cpp(10320): warning C4101: 'pk1': unreferenced local variable
c:\users\ojm14\documents\github\carnivores-cpe\c2_vs2017\characters.cpp(10308): warning C4101: 'PCurFrame': unreferenced local variable
  Game.cpp
c:\users\ojm14\documents\github\carnivores-cpe\c2_vs2017\game.cpp(50): warning C4101: 'temp': unreferenced local variable
c:\users\ojm14\documents\github\carnivores-cpe\c2_vs2017\game.cpp(181): warning C4244: 'initializing': conversion from 'double' to 'float', possible loss of data
c:\users\ojm14\documents\github\carnivores-cpe\c2_vs2017\game.cpp(192): warning C4244: 'initializing': conversion from 'float' to 'int', possible loss of data
c:\users\ojm14\documents\github\carnivores-cpe\c2_vs2017\game.cpp(192): warning C4244: '+=': conversion from 'float' to 'int', possible loss of data
c:\users\ojm14\documents\github\carnivores-cpe\c2_vs2017\game.cpp(193): warning C4244: 'initializing': conversion from 'float' to 'int', possible loss of data
c:\users\ojm14\documents\github\carnivores-cpe\c2_vs2017\game.cpp(193): warning C4244: '+=': conversion from 'float' to 'int', possible loss of data
c:\users\ojm14\documents\github\carnivores-cpe\c2_vs2017\game.cpp(507): warning C4244: 'initializing': conversion from 'double' to 'float', possible loss of data
c:\users\ojm14\documents\github\carnivores-cpe\c2_vs2017\game.cpp(508): warning C4244: 'initializing': conversion from 'double' to 'float', possible loss of data
c:\users\ojm14\documents\github\carnivores-cpe\c2_vs2017\game.cpp(513): warning C4244: '=': conversion from 'float' to 'int', possible loss of data
c:\users\ojm14\documents\github\carnivores-cpe\c2_vs2017\game.cpp(610): warning C4101: 'hh': unreferenced local variable
c:\users\ojm14\documents\github\carnivores-cpe\c2_vs2017\game.cpp(817): warning C4244: '=': conversion from 'int' to 'float', possible loss of data
c:\users\ojm14\documents\github\carnivores-cpe\c2_vs2017\game.cpp(1261): warning C4305: '+=': truncation from 'double' to 'float'
c:\users\ojm14\documents\github\carnivores-cpe\c2_vs2017\game.cpp(1307): warning C4244: 'initializing': conversion from 'float' to 'long', possible loss of data
c:\users\ojm14\documents\github\carnivores-cpe\c2_vs2017\game.cpp(1308): warning C4244: 'initializing': conversion from 'float' to 'long', possible loss of data
c:\users\ojm14\documents\github\carnivores-cpe\c2_vs2017\game.cpp(1309): warning C4244: 'initializing': conversion from 'float' to 'long', possible loss of data
c:\users\ojm14\documents\github\carnivores-cpe\c2_vs2017\game.cpp(1310): warning C4244: 'initializing': conversion from 'float' to 'long', possible loss of data
c:\users\ojm14\documents\github\carnivores-cpe\c2_vs2017\game.cpp(1329): warning C4244: 'initializing': conversion from 'double' to 'long', possible loss of data
c:\users\ojm14\documents\github\carnivores-cpe\c2_vs2017\game.cpp(1330): warning C4244: 'initializing': conversion from 'double' to 'long', possible loss of data
c:\users\ojm14\documents\github\carnivores-cpe\c2_vs2017\game.cpp(1335): warning C4244: 'initializing': conversion from 'float' to 'long', possible loss of data
c:\users\ojm14\documents\github\carnivores-cpe\c2_vs2017\game.cpp(1337): warning C4244: 'initializing': conversion from 'float' to 'long', possible loss of data
c:\users\ojm14\documents\github\carnivores-cpe\c2_vs2017\game.cpp(1340): warning C4244: 'initializing': conversion from 'float' to 'long', possible loss of data
c:\users\ojm14\documents\github\carnivores-cpe\c2_vs2017\game.cpp(1343): warning C4244: 'initializing': conversion from 'float' to 'long', possible loss of data
c:\users\ojm14\documents\github\carnivores-cpe\c2_vs2017\game.cpp(1345): warning C4244: 'initializing': conversion from 'float' to 'long', possible loss of data
c:\users\ojm14\documents\github\carnivores-cpe\c2_vs2017\game.cpp(1350): warning C4244: 'initializing': conversion from 'float' to 'long', possible loss of data
c:\users\ojm14\documents\github\carnivores-cpe\c2_vs2017\game.cpp(1858): warning C4305: '=': truncation from 'double' to 'float'
c:\users\ojm14\documents\github\carnivores-cpe\c2_vs2017\game.cpp(1870): warning C4305: '=': truncation from 'double' to 'float'
c:\users\ojm14\documents\github\carnivores-cpe\c2_vs2017\game.cpp(2176): warning C4244: 'initializing': conversion from 'double' to 'float', possible loss of data
c:\users\ojm14\documents\github\carnivores-cpe\c2_vs2017\game.cpp(2177): warning C4244: 'initializing': conversion from 'double' to 'float', possible loss of data
c:\users\ojm14\documents\github\carnivores-cpe\c2_vs2017\game.cpp(2184): warning C4244: '=': conversion from 'int' to 'float', possible loss of data
c:\users\ojm14\documents\github\carnivores-cpe\c2_vs2017\game.cpp(2188): warning C4244: 'initializing': conversion from 'int' to 'float', possible loss of data
c:\users\ojm14\documents\github\carnivores-cpe\c2_vs2017\game.cpp(2204): warning C4244: '=': conversion from 'int' to 'float', possible loss of data
c:\users\ojm14\documents\github\carnivores-cpe\c2_vs2017\game.cpp(2205): warning C4244: '=': conversion from 'int' to 'float', possible loss of data
c:\users\ojm14\documents\github\carnivores-cpe\c2_vs2017\game.cpp(2213): warning C4244: '=': conversion from 'int' to 'float', possible loss of data
c:\users\ojm14\documents\github\carnivores-cpe\c2_vs2017\game.cpp(2214): warning C4244: '=': conversion from 'int' to 'float', possible loss of data
c:\users\ojm14\documents\github\carnivores-cpe\c2_vs2017\game.cpp(2215): warning C4244: '=': conversion from 'int' to 'float', possible loss of data
c:\users\ojm14\documents\github\carnivores-cpe\c2_vs2017\game.cpp(2245): warning C4244: 'initializing': conversion from 'float' to 'int', possible loss of data
c:\users\ojm14\documents\github\carnivores-cpe\c2_vs2017\game.cpp(2246): warning C4244: '=': conversion from 'float' to 'int', possible loss of data
c:\users\ojm14\documents\github\carnivores-cpe\c2_vs2017\game.cpp(2273): warning C4305: 'argument': truncation from 'double' to 'float'
c:\users\ojm14\documents\github\carnivores-cpe\c2_vs2017\game.cpp(2312): warning C4244: '+=': conversion from 'float' to 'int', possible loss of data
c:\users\ojm14\documents\github\carnivores-cpe\c2_vs2017\game.cpp(2313): warning C4244: '+=': conversion from 'float' to 'int', possible loss of data
c:\users\ojm14\documents\github\carnivores-cpe\c2_vs2017\game.cpp(2319): warning C4806: '==': unsafe operation: no value of type 'bool' promoted to type 'int' can equal the given constant
c:\users\ojm14\documents\github\carnivores-cpe\c2_vs2017\game.cpp(2320): warning C4244: '-=': conversion from 'float' to 'int', possible loss of data
c:\users\ojm14\documents\github\carnivores-cpe\c2_vs2017\game.cpp(2321): warning C4244: '-=': conversion from 'float' to 'int', possible loss of data
c:\users\ojm14\documents\github\carnivores-cpe\c2_vs2017\game.cpp(2359): warning C4244: 'argument': conversion from 'double' to 'float', possible loss of data
c:\users\ojm14\documents\github\carnivores-cpe\c2_vs2017\game.cpp(2437): warning C4244: 'initializing': conversion from 'int' to 'float', possible loss of data
c:\users\ojm14\documents\github\carnivores-cpe\c2_vs2017\game.cpp(2516): warning C4244: 'argument': conversion from 'double' to 'float', possible loss of data
c:\users\ojm14\documents\github\carnivores-cpe\c2_vs2017\game.cpp(2621): warning C4244: 'initializing': conversion from 'double' to 'float', possible loss of data
c:\users\ojm14\documents\github\carnivores-cpe\c2_vs2017\game.cpp(2776): warning C4244: 'initializing': conversion from 'double' to 'float', possible loss of data
c:\users\ojm14\documents\github\carnivores-cpe\c2_vs2017\game.cpp(2778): warning C4244: 'initializing': conversion from 'double' to 'float', possible loss of data
c:\users\ojm14\documents\github\carnivores-cpe\c2_vs2017\game.cpp(2780): warning C4244: 'initializing': conversion from 'double' to 'float', possible loss of data
c:\users\ojm14\documents\github\carnivores-cpe\c2_vs2017\game.cpp(2782): warning C4244: 'initializing': conversion from 'double' to 'float', possible loss of data
c:\users\ojm14\documents\github\carnivores-cpe\c2_vs2017\game.cpp(2825): warning C4244: '=': conversion from 'float' to 'int', possible loss of data
c:\users\ojm14\documents\github\carnivores-cpe\c2_vs2017\game.cpp(2751): warning C4102: 'TBEGIN': unreferenced label
c:\users\ojm14\documents\github\carnivores-cpe\c2_vs2017\game.cpp(2978): warning C4244: 'initializing': conversion from 'double' to 'float', possible loss of data
c:\users\ojm14\documents\github\carnivores-cpe\c2_vs2017\game.cpp(3174): warning C4244: '=': conversion from 'int' to 'float', possible loss of data
c:\users\ojm14\documents\github\carnivores-cpe\c2_vs2017\game.cpp(3175): warning C4244: '=': conversion from 'int' to 'float', possible loss of data
c:\users\ojm14\documents\github\carnivores-cpe\c2_vs2017\game.cpp(3278): warning C4244: '+=': conversion from 'double' to 'float', possible loss of data
c:\users\ojm14\documents\github\carnivores-cpe\c2_vs2017\game.cpp(3282): warning C4305: 'argument': truncation from 'double' to 'float'
c:\users\ojm14\documents\github\carnivores-cpe\c2_vs2017\game.cpp(3290): warning C4244: '-=': conversion from 'double' to 'float', possible loss of data
c:\users\ojm14\documents\github\carnivores-cpe\c2_vs2017\game.cpp(3293): warning C4305: 'argument': truncation from 'double' to 'float'
c:\users\ojm14\documents\github\carnivores-cpe\c2_vs2017\game.cpp(3341): warning C4244: 'initializing': conversion from 'int' to 'float', possible loss of data
c:\users\ojm14\documents\github\carnivores-cpe\c2_vs2017\game.cpp(3375): warning C4244: 'initializing': conversion from 'double' to 'float', possible loss of data
c:\users\ojm14\documents\github\carnivores-cpe\c2_vs2017\game.cpp(3376): warning C4244: 'initializing': conversion from 'double' to 'float', possible loss of data
c:\users\ojm14\documents\github\carnivores-cpe\c2_vs2017\game.cpp(3377): warning C4244: 'initializing': conversion from 'int' to 'float', possible loss of data
c:\users\ojm14\documents\github\carnivores-cpe\c2_vs2017\game.cpp(3434): warning C4244: '=': conversion from 'int' to 'float', possible loss of data
  Hunt.cpp
c:\users\ojm14\documents\github\carnivores-cpe\c2_vs2017\hunt.cpp(138): warning C4244: 'argument': conversion from 'int' to 'float', possible loss of data
c:\users\ojm14\documents\github\carnivores-cpe\c2_vs2017\hunt.cpp(138): warning C4244: 'initializing': conversion from 'double' to 'float', possible loss of data
c:\users\ojm14\documents\github\carnivores-cpe\c2_vs2017\hunt.cpp(671): warning C4244: '+=': conversion from 'float' to 'int', possible loss of data
c:\users\ojm14\documents\github\carnivores-cpe\c2_vs2017\hunt.cpp(682): warning C4244: '+=': conversion from 'float' to 'int', possible loss of data
c:\users\ojm14\documents\github\carnivores-cpe\c2_vs2017\hunt.cpp(709): warning C4244: '+=': conversion from 'float' to 'int', possible loss of data
c:\users\ojm14\documents\github\carnivores-cpe\c2_vs2017\hunt.cpp(729): warning C4244: '+=': conversion from 'float' to 'int', possible loss of data
c:\users\ojm14\documents\github\carnivores-cpe\c2_vs2017\hunt.cpp(759): warning C4244: '+=': conversion from 'float' to 'int', possible loss of data
c:\users\ojm14\documents\github\carnivores-cpe\c2_vs2017\hunt.cpp(775): warning C4244: '+=': conversion from 'float' to 'int', possible loss of data
c:\users\ojm14\documents\github\carnivores-cpe\c2_vs2017\hunt.cpp(787): warning C4244: '+=': conversion from 'float' to 'int', possible loss of data
c:\users\ojm14\documents\github\carnivores-cpe\c2_vs2017\hunt.cpp(864): warning C4305: '+=': truncation from 'double' to 'float'
c:\users\ojm14\documents\github\carnivores-cpe\c2_vs2017\hunt.cpp(865): warning C4305: '-=': truncation from 'double' to 'float'
c:\users\ojm14\documents\github\carnivores-cpe\c2_vs2017\hunt.cpp(897): warning C4244: '=': conversion from 'float' to 'int', possible loss of data
c:\users\ojm14\documents\github\carnivores-cpe\c2_vs2017\hunt.cpp(967): warning C4244: 'initializing': conversion from 'double' to 'float', possible loss of data
c:\users\ojm14\documents\github\carnivores-cpe\c2_vs2017\hunt.cpp(969): warning C4244: '-=': conversion from 'float' to 'int', possible loss of data
c:\users\ojm14\documents\github\carnivores-cpe\c2_vs2017\hunt.cpp(971): warning C4244: '-=': conversion from 'float' to 'int', possible loss of data
c:\users\ojm14\documents\github\carnivores-cpe\c2_vs2017\hunt.cpp(974): warning C4244: '+=': conversion from 'float' to 'int', possible loss of data
c:\users\ojm14\documents\github\carnivores-cpe\c2_vs2017\hunt.cpp(975): warning C4244: '-=': conversion from 'float' to 'int', possible loss of data
c:\users\ojm14\documents\github\carnivores-cpe\c2_vs2017\hunt.cpp(981): warning C4244: '=': conversion from 'double' to 'float', possible loss of data
c:\users\ojm14\documents\github\carnivores-cpe\c2_vs2017\hunt.cpp(983): warning C4244: '-=': conversion from 'float' to 'int', possible loss of data
c:\users\ojm14\documents\github\carnivores-cpe\c2_vs2017\hunt.cpp(984): warning C4244: '-=': conversion from 'float' to 'int', possible loss of data
c:\users\ojm14\documents\github\carnivores-cpe\c2_vs2017\hunt.cpp(1487): warning C4244: 'initializing': conversion from 'int' to 'float', possible loss of data
c:\users\ojm14\documents\github\carnivores-cpe\c2_vs2017\hunt.cpp(1510): warning C4244: '=': conversion from 'int' to 'float', possible loss of data
c:\users\ojm14\documents\github\carnivores-cpe\c2_vs2017\hunt.cpp(1521): warning C4244: '=': conversion from 'double' to 'float', possible loss of data
c:\users\ojm14\documents\github\carnivores-cpe\c2_vs2017\hunt.cpp(1522): warning C4244: '=': conversion from 'double' to 'float', possible loss of data
c:\users\ojm14\documents\github\carnivores-cpe\c2_vs2017\hunt.cpp(1524): warning C4244: '=': conversion from 'double' to 'float', possible loss of data
c:\users\ojm14\documents\github\carnivores-cpe\c2_vs2017\hunt.cpp(1525): warning C4244: '=': conversion from 'double' to 'float', possible loss of data
c:\users\ojm14\documents\github\carnivores-cpe\c2_vs2017\hunt.cpp(2155): warning C4305: 'argument': truncation from 'double' to 'float'
c:\users\ojm14\documents\github\carnivores-cpe\c2_vs2017\hunt.cpp(2172): warning C4305: '+=': truncation from 'double' to 'float'
c:\users\ojm14\documents\github\carnivores-cpe\c2_vs2017\hunt.cpp(2175): warning C4305: 'argument': truncation from 'double' to 'float'
c:\users\ojm14\documents\github\carnivores-cpe\c2_vs2017\hunt.cpp(2320): warning C4244: 'argument': conversion from 'int' to 'float', possible loss of data
c:\users\ojm14\documents\github\carnivores-cpe\c2_vs2017\hunt.cpp(2327): warning C4244: 'argument': conversion from 'int' to 'float', possible loss of data
  Interface.cpp
  Math.cpp
c:\users\ojm14\documents\github\carnivores-cpe\c2_vs2017\math.cpp(13): warning C4244: '=': conversion from 'double' to 'float', possible loss of data
c:\users\ojm14\documents\github\carnivores-cpe\c2_vs2017\math.cpp(14): warning C4244: '=': conversion from 'double' to 'float', possible loss of data
c:\users\ojm14\documents\github\carnivores-cpe\c2_vs2017\math.cpp(15): warning C4244: '=': conversion from 'double' to 'float', possible loss of data
c:\users\ojm14\documents\github\carnivores-cpe\c2_vs2017\math.cpp(200): warning C4244: 'initializing': conversion from 'double' to 'float', possible loss of data
c:\users\ojm14\documents\github\carnivores-cpe\c2_vs2017\math.cpp(201): warning C4244: 'initializing': conversion from 'double' to 'float', possible loss of data
c:\users\ojm14\documents\github\carnivores-cpe\c2_vs2017\math.cpp(691): warning C4244: 'initializing': conversion from 'double' to 'float', possible loss of data
c:\users\ojm14\documents\github\carnivores-cpe\c2_vs2017\math.cpp(692): warning C4244: 'initializing': conversion from 'double' to 'float', possible loss of data
c:\users\ojm14\documents\github\carnivores-cpe\c2_vs2017\math.cpp(808): warning C4244: '=': conversion from 'float' to 'int', possible loss of data
c:\users\ojm14\documents\github\carnivores-cpe\c2_vs2017\math.cpp(890): warning C4244: '=': conversion from 'double' to 'float', possible loss of data
c:\users\ojm14\documents\github\carnivores-cpe\c2_vs2017\math.cpp(895): warning C4244: '=': conversion from 'float' to 'int', possible loss of data
c:\users\ojm14\documents\github\carnivores-cpe\c2_vs2017\math.cpp(906): warning C4101: 'rv': unreferenced local variable
c:\users\ojm14\documents\github\carnivores-cpe\c2_vs2017\math.cpp(905): warning C4101: 'c': unreferenced local variable
c:\users\ojm14\documents\github\carnivores-cpe\c2_vs2017\math.cpp(1026): warning C4244: 'initializing': conversion from 'double' to 'float', possible loss of data
c:\users\ojm14\documents\github\carnivores-cpe\c2_vs2017\math.cpp(1027): warning C4244: 'initializing': conversion from 'double' to 'float', possible loss of data
  RendererD3D.cpp
c:\users\ojm14\documents\github\carnivores-cpe\c2_vs2017\rendererd3d.cpp(1072): warning C4244: '=': conversion from 'float' to 'D3DCOLOR', possible loss of data
c:\users\ojm14\documents\github\carnivores-cpe\c2_vs2017\rendererd3d.cpp(1082): warning C4244: '=': conversion from 'float' to 'D3DCOLOR', possible loss of data
c:\users\ojm14\documents\github\carnivores-cpe\c2_vs2017\rendererd3d.cpp(1092): warning C4244: '=': conversion from 'float' to 'D3DCOLOR', possible loss of data
c:\users\ojm14\documents\github\carnivores-cpe\c2_vs2017\rendererd3d.cpp(1125): warning C4305: 'argument': truncation from 'unsigned int' to 'float'
c:\users\ojm14\documents\github\carnivores-cpe\c2_vs2017\rendererd3d.cpp(1592): warning C4244: '=': conversion from 'double' to 'float', possible loss of data
c:\users\ojm14\documents\github\carnivores-cpe\c2_vs2017\rendererd3d.cpp(2830): warning C4244: '=': conversion from 'float' to 'short', possible loss of data
c:\users\ojm14\documents\github\carnivores-cpe\c2_vs2017\rendererd3d.cpp(2833): warning C4244: '=': conversion from 'float' to 'short', possible loss of data
c:\users\ojm14\documents\github\carnivores-cpe\c2_vs2017\rendererd3d.cpp(2836): warning C4244: '=': conversion from 'float' to 'short', possible loss of data
c:\users\ojm14\documents\github\carnivores-cpe\c2_vs2017\rendererd3d.cpp(2935): warning C4244: 'argument': conversion from 'int' to 'float', possible loss of data
c:\users\ojm14\documents\github\carnivores-cpe\c2_vs2017\rendererd3d.cpp(4235): warning C4244: '=': conversion from 'int' to 'float', possible loss of data
c:\users\ojm14\documents\github\carnivores-cpe\c2_vs2017\rendererd3d.cpp(4240): warning C4244: '=': conversion from 'int' to 'float', possible loss of data
c:\users\ojm14\documents\github\carnivores-cpe\c2_vs2017\rendererd3d.cpp(4245): warning C4244: '=': conversion from 'int' to 'float', possible loss of data
c:\users\ojm14\documents\github\carnivores-cpe\c2_vs2017\rendererd3d.cpp(4656): warning C4305: '=': truncation from 'double' to 'D3DVALUE'
c:\users\ojm14\documents\github\carnivores-cpe\c2_vs2017\rendererd3d.cpp(4666): warning C4305: '=': truncation from 'double' to 'D3DVALUE'
c:\users\ojm14\documents\github\carnivores-cpe\c2_vs2017\rendererd3d.cpp(4676): warning C4305: '=': truncation from 'double' to 'D3DVALUE'
c:\users\ojm14\documents\github\carnivores-cpe\c2_vs2017\rendererd3d.cpp(4850): warning C4244: 'argument': conversion from 'double' to 'float', possible loss of data
c:\users\ojm14\documents\github\carnivores-cpe\c2_vs2017\rendererd3d.cpp(4886): warning C4244: 'argument': conversion from 'double' to 'float', possible loss of data
c:\users\ojm14\documents\github\carnivores-cpe\c2_vs2017\rendererd3d.cpp(4931): warning C4244: '=': conversion from 'float' to 'DWORD', possible loss of data
c:\users\ojm14\documents\github\carnivores-cpe\c2_vs2017\rendererd3d.cpp(4934): warning C4244: 'argument': conversion from 'double' to 'float', possible loss of data
c:\users\ojm14\documents\github\carnivores-cpe\c2_vs2017\rendererd3d.cpp(4972): warning C4244: '=': conversion from 'float' to 'int', possible loss of data
c:\users\ojm14\documents\github\carnivores-cpe\c2_vs2017\rendererd3d.cpp(5295): warning C4102: 'NOSSHIP': unreferenced label
c:\users\ojm14\documents\github\carnivores-cpe\c2_vs2017\rendererd3d.cpp(5321): warning C4102: 'NODSHIP': unreferenced label
c:\users\ojm14\documents\github\carnivores-cpe\c2_vs2017\rendererd3d.cpp(5411): warning C4244: 'initializing': conversion from 'double' to 'int', possible loss of data
c:\users\ojm14\documents\github\carnivores-cpe\c2_vs2017\rendererd3d.cpp(5412): warning C4244: 'initializing': conversion from 'double' to 'int', possible loss of data
c:\users\ojm14\documents\github\carnivores-cpe\c2_vs2017\rendererd3d.cpp(5566): warning C4305: 'initializing': truncation from 'double' to 'float'
c:\users\ojm14\documents\github\carnivores-cpe\c2_vs2017\rendererd3d.cpp(5573): warning C4305: '=': truncation from 'double' to 'float'
c:\users\ojm14\documents\github\carnivores-cpe\c2_vs2017\rendererd3d.cpp(5581): warning C4305: '=': truncation from 'double' to 'float'
c:\users\ojm14\documents\github\carnivores-cpe\c2_vs2017\rendererd3d.cpp(5589): warning C4305: '=': truncation from 'double' to 'float'
c:\users\ojm14\documents\github\carnivores-cpe\c2_vs2017\rendererd3d.cpp(5603): warning C4244: 'argument': conversion from 'double' to 'float', possible loss of data
c:\users\ojm14\documents\github\carnivores-cpe\c2_vs2017\rendererd3d.cpp(5604): warning C4244: 'argument': conversion from 'double' to 'float', possible loss of data
c:\users\ojm14\documents\github\carnivores-cpe\c2_vs2017\rendererd3d.cpp(5607): warning C4244: 'argument': conversion from 'double' to 'float', possible loss of data
c:\users\ojm14\documents\github\carnivores-cpe\c2_vs2017\rendererd3d.cpp(5608): warning C4244: 'argument': conversion from 'double' to 'float', possible loss of data
c:\users\ojm14\documents\github\carnivores-cpe\c2_vs2017\rendererd3d.cpp(5613): warning C4244: '+=': conversion from 'double' to 'float', possible loss of data
c:\users\ojm14\documents\github\carnivores-cpe\c2_vs2017\rendererd3d.cpp(5615): warning C4244: 'argument': conversion from 'float' to 'int', possible loss of data
c:\users\ojm14\documents\github\carnivores-cpe\c2_vs2017\rendererd3d.cpp(5620): warning C4244: '+=': conversion from 'double' to 'float', possible loss of data
c:\users\ojm14\documents\github\carnivores-cpe\c2_vs2017\rendererd3d.cpp(5623): warning C4244: 'argument': conversion from 'float' to 'int', possible loss of data
c:\users\ojm14\documents\github\carnivores-cpe\c2_vs2017\rendererd3d.cpp(5624): warning C4244: 'argument': conversion from 'float' to 'int', possible loss of data
c:\users\ojm14\documents\github\carnivores-cpe\c2_vs2017\rendererd3d.cpp(5626): warning C4244: 'argument': conversion from 'float' to 'int', possible loss of data
c:\users\ojm14\documents\github\carnivores-cpe\c2_vs2017\rendererd3d.cpp(5627): warning C4244: 'argument': conversion from 'float' to 'int', possible loss of data
c:\users\ojm14\documents\github\carnivores-cpe\c2_vs2017\rendererd3d.cpp(5701): warning C4305: '=': truncation from 'double' to 'float'
c:\users\ojm14\documents\github\carnivores-cpe\c2_vs2017\rendererd3d.cpp(5708): warning C4244: 'argument': conversion from 'int' to 'float', possible loss of data
c:\users\ojm14\documents\github\carnivores-cpe\c2_vs2017\rendererd3d.cpp(5723): warning C4244: '=': conversion from 'int' to 'float', possible loss of data
c:\users\ojm14\documents\github\carnivores-cpe\c2_vs2017\rendererd3d.cpp(5724): warning C4244: '=': conversion from 'int' to 'float', possible loss of data
c:\users\ojm14\documents\github\carnivores-cpe\c2_vs2017\rendererd3d.cpp(5737): warning C4244: '=': conversion from 'int' to 'float', possible loss of data
c:\users\ojm14\documents\github\carnivores-cpe\c2_vs2017\rendererd3d.cpp(5738): warning C4244: '=': conversion from 'int' to 'float', possible loss of data
c:\users\ojm14\documents\github\carnivores-cpe\c2_vs2017\rendererd3d.cpp(5913): warning C4244: 'initializing': conversion from 'double' to 'float', possible loss of data
c:\users\ojm14\documents\github\carnivores-cpe\c2_vs2017\rendererd3d.cpp(5915): warning C4244: 'initializing': conversion from 'double' to 'float', possible loss of data
c:\users\ojm14\documents\github\carnivores-cpe\c2_vs2017\rendererd3d.cpp(5917): warning C4244: 'initializing': conversion from 'double' to 'float', possible loss of data
c:\users\ojm14\documents\github\carnivores-cpe\c2_vs2017\rendererd3d.cpp(6390): warning C4244: 'initializing': conversion from 'float' to 'int', possible loss of data
c:\users\ojm14\documents\github\carnivores-cpe\c2_vs2017\rendererd3d.cpp(6394): warning C4244: '=': conversion from 'float' to 'int', possible loss of data
  Resources.cpp
c:\users\ojm14\documents\github\carnivores-cpe\c2_vs2017\resources.cpp(57): warning C4244: '=': conversion from 'int' to 'float', possible loss of data
c:\users\ojm14\documents\github\carnivores-cpe\c2_vs2017\resources.cpp(58): warning C4244: '=': conversion from 'int' to 'float', possible loss of data
c:\users\ojm14\documents\github\carnivores-cpe\c2_vs2017\resources.cpp(64): warning C4244: '=': conversion from 'int' to 'float', possible loss of data
c:\users\ojm14\documents\github\carnivores-cpe\c2_vs2017\resources.cpp(65): warning C4244: '=': conversion from 'int' to 'float', possible loss of data
c:\users\ojm14\documents\github\carnivores-cpe\c2_vs2017\resources.cpp(569): warning C4018: '<': signed/unsigned mismatch
c:\users\ojm14\documents\github\carnivores-cpe\c2_vs2017\resources.cpp(1212): warning C4244: '=': conversion from 'double' to 'int', possible loss of data
c:\users\ojm14\documents\github\carnivores-cpe\c2_vs2017\resources.cpp(1216): warning C4244: 'initializing': conversion from 'WORD' to 'byte', possible loss of data
c:\users\ojm14\documents\github\carnivores-cpe\c2_vs2017\resources.cpp(1803): warning C4244: '=': conversion from 'int' to 'float', possible loss of data
c:\users\ojm14\documents\github\carnivores-cpe\c2_vs2017\resources.cpp(1804): warning C4244: '=': conversion from 'int' to 'float', possible loss of data
c:\users\ojm14\documents\github\carnivores-cpe\c2_vs2017\resources.cpp(2292): warning C4101: 'value': unreferenced local variable
c:\users\ojm14\documents\github\carnivores-cpe\c2_vs2017\resources.cpp(3005): warning C4101: 'value': unreferenced local variable
c:\users\ojm14\documents\github\carnivores-cpe\c2_vs2017\resources.cpp(3055): warning C4244: '=': conversion from 'double' to 'float', possible loss of data
c:\users\ojm14\documents\github\carnivores-cpe\c2_vs2017\resources.cpp(3149): warning C4244: '=': conversion from 'double' to 'float', possible loss of data
c:\users\ojm14\documents\github\carnivores-cpe\c2_vs2017\resources.cpp(3150): warning C4244: '=': conversion from 'double' to 'float', possible loss of data
c:\users\ojm14\documents\github\carnivores-cpe\c2_vs2017\resources.cpp(3151): warning C4244: '=': conversion from 'double' to 'float', possible loss of data
c:\users\ojm14\documents\github\carnivores-cpe\c2_vs2017\resources.cpp(3152): warning C4244: '=': conversion from 'double' to 'float', possible loss of data
c:\users\ojm14\documents\github\carnivores-cpe\c2_vs2017\resources.cpp(3157): warning C4244: '=': conversion from 'double' to 'float', possible loss of data
c:\users\ojm14\documents\github\carnivores-cpe\c2_vs2017\resources.cpp(3579): warning C4244: '=': conversion from 'double' to 'float', possible loss of data
c:\users\ojm14\documents\github\carnivores-cpe\c2_vs2017\resources.cpp(3580): warning C4244: '=': conversion from 'double' to 'float', possible loss of data
c:\users\ojm14\documents\github\carnivores-cpe\c2_vs2017\resources.cpp(3616): warning C4244: '=': conversion from 'double' to 'float', possible loss of data
c:\users\ojm14\documents\github\carnivores-cpe\c2_vs2017\resources.cpp(3617): warning C4244: '=': conversion from 'double' to 'float', possible loss of data
c:\users\ojm14\documents\github\carnivores-cpe\c2_vs2017\resources.cpp(4376): warning C4305: '=': truncation from 'double' to 'float'
c:\users\ojm14\documents\github\carnivores-cpe\c2_vs2017\resources.cpp(4377): warning C4305: '=': truncation from 'double' to 'float'
c:\users\ojm14\documents\github\carnivores-cpe\c2_vs2017\resources.cpp(4408): warning C4305: '=': truncation from 'double' to 'float'
c:\users\ojm14\documents\github\carnivores-cpe\c2_vs2017\resources.cpp(4409): warning C4305: '=': truncation from 'double' to 'float'
  Generating code
  All 409 functions were compiled because no usable IPDB/IOBJ from previous compilation was found.
  Finished generating code
  C2.vcxproj -> C:\Users\ojm14\Documents\GitHub\Carnivores-CPE\C2_vs2017\Release D3D\v_d3d.ren
