  Game.cpp
c:\users\ojm14\documents\github\carnivores-cpe\c2_vs2017\game.cpp(50): warning C4101: 'temp': unreferenced local variable
c:\users\ojm14\documents\github\carnivores-cpe\c2_vs2017\game.cpp(175): warning C4244: 'initializing': conversion from 'float' to 'int', possible loss of data
c:\users\ojm14\documents\github\carnivores-cpe\c2_vs2017\game.cpp(175): warning C4244: '+=': conversion from 'float' to 'int', possible loss of data
c:\users\ojm14\documents\github\carnivores-cpe\c2_vs2017\game.cpp(176): warning C4244: 'initializing': conversion from 'float' to 'int', possible loss of data
c:\users\ojm14\documents\github\carnivores-cpe\c2_vs2017\game.cpp(176): warning C4244: '+=': conversion from 'float' to 'int', possible loss of data
c:\users\ojm14\documents\github\carnivores-cpe\c2_vs2017\game.cpp(266): warning C4244: 'initializing': conversion from 'double' to 'float', possible loss of data
c:\users\ojm14\documents\github\carnivores-cpe\c2_vs2017\game.cpp(267): warning C4244: 'initializing': conversion from 'double' to 'float', possible loss of data
c:\users\ojm14\documents\github\carnivores-cpe\c2_vs2017\game.cpp(369): warning C4101: 'hh': unreferenced local variable
c:\users\ojm14\documents\github\carnivores-cpe\c2_vs2017\game.cpp(576): warning C4244: '=': conversion from 'int' to 'float', possible loss of data
c:\users\ojm14\documents\github\carnivores-cpe\c2_vs2017\game.cpp(1019): warning C4305: '+=': truncation from 'double' to 'float'
c:\users\ojm14\documents\github\carnivores-cpe\c2_vs2017\game.cpp(1065): warning C4244: 'initializing': conversion from 'float' to 'long', possible loss of data
c:\users\ojm14\documents\github\carnivores-cpe\c2_vs2017\game.cpp(1066): warning C4244: 'initializing': conversion from 'float' to 'long', possible loss of data
c:\users\ojm14\documents\github\carnivores-cpe\c2_vs2017\game.cpp(1067): warning C4244: 'initializing': conversion from 'float' to 'long', possible loss of data
c:\users\ojm14\documents\github\carnivores-cpe\c2_vs2017\game.cpp(1068): warning C4244: 'initializing': conversion from 'float' to 'long', possible loss of data
c:\users\ojm14\documents\github\carnivores-cpe\c2_vs2017\game.cpp(1087): warning C4244: 'initializing': conversion from 'double' to 'long', possible loss of data
c:\users\ojm14\documents\github\carnivores-cpe\c2_vs2017\game.cpp(1088): warning C4244: 'initializing': conversion from 'double' to 'long', possible loss of data
c:\users\ojm14\documents\github\carnivores-cpe\c2_vs2017\game.cpp(1093): warning C4244: 'initializing': conversion from 'float' to 'long', possible loss of data
c:\users\ojm14\documents\github\carnivores-cpe\c2_vs2017\game.cpp(1095): warning C4244: 'initializing': conversion from 'float' to 'long', possible loss of data
c:\users\ojm14\documents\github\carnivores-cpe\c2_vs2017\game.cpp(1098): warning C4244: 'initializing': conversion from 'float' to 'long', possible loss of data
c:\users\ojm14\documents\github\carnivores-cpe\c2_vs2017\game.cpp(1101): warning C4244: 'initializing': conversion from 'float' to 'long', possible loss of data
c:\users\ojm14\documents\github\carnivores-cpe\c2_vs2017\game.cpp(1103): warning C4244: 'initializing': conversion from 'float' to 'long', possible loss of data
c:\users\ojm14\documents\github\carnivores-cpe\c2_vs2017\game.cpp(1108): warning C4244: 'initializing': conversion from 'float' to 'long', possible loss of data
c:\users\ojm14\documents\github\carnivores-cpe\c2_vs2017\game.cpp(1616): warning C4305: '=': truncation from 'double' to 'float'
c:\users\ojm14\documents\github\carnivores-cpe\c2_vs2017\game.cpp(1628): warning C4305: '=': truncation from 'double' to 'float'
c:\users\ojm14\documents\github\carnivores-cpe\c2_vs2017\game.cpp(1934): warning C4244: 'initializing': conversion from 'double' to 'float', possible loss of data
c:\users\ojm14\documents\github\carnivores-cpe\c2_vs2017\game.cpp(1935): warning C4244: 'initializing': conversion from 'double' to 'float', possible loss of data
c:\users\ojm14\documents\github\carnivores-cpe\c2_vs2017\game.cpp(1942): warning C4244: '=': conversion from 'int' to 'float', possible loss of data
c:\users\ojm14\documents\github\carnivores-cpe\c2_vs2017\game.cpp(1946): warning C4244: 'initializing': conversion from 'int' to 'float', possible loss of data
c:\users\ojm14\documents\github\carnivores-cpe\c2_vs2017\game.cpp(1962): warning C4244: '=': conversion from 'int' to 'float', possible loss of data
c:\users\ojm14\documents\github\carnivores-cpe\c2_vs2017\game.cpp(1963): warning C4244: '=': conversion from 'int' to 'float', possible loss of data
c:\users\ojm14\documents\github\carnivores-cpe\c2_vs2017\game.cpp(1971): warning C4244: '=': conversion from 'int' to 'float', possible loss of data
c:\users\ojm14\documents\github\carnivores-cpe\c2_vs2017\game.cpp(1972): warning C4244: '=': conversion from 'int' to 'float', possible loss of data
c:\users\ojm14\documents\github\carnivores-cpe\c2_vs2017\game.cpp(1973): warning C4244: '=': conversion from 'int' to 'float', possible loss of data
c:\users\ojm14\documents\github\carnivores-cpe\c2_vs2017\game.cpp(2003): warning C4244: 'initializing': conversion from 'float' to 'int', possible loss of data
c:\users\ojm14\documents\github\carnivores-cpe\c2_vs2017\game.cpp(2004): warning C4244: '=': conversion from 'float' to 'int', possible loss of data
c:\users\ojm14\documents\github\carnivores-cpe\c2_vs2017\game.cpp(2031): warning C4305: 'argument': truncation from 'double' to 'float'
c:\users\ojm14\documents\github\carnivores-cpe\c2_vs2017\game.cpp(2060): warning C4244: '+=': conversion from 'float' to 'int', possible loss of data
c:\users\ojm14\documents\github\carnivores-cpe\c2_vs2017\game.cpp(2061): warning C4244: '+=': conversion from 'float' to 'int', possible loss of data
c:\users\ojm14\documents\github\carnivores-cpe\c2_vs2017\game.cpp(2066): warning C4244: '-=': conversion from 'float' to 'int', possible loss of data
c:\users\ojm14\documents\github\carnivores-cpe\c2_vs2017\game.cpp(2067): warning C4244: '-=': conversion from 'float' to 'int', possible loss of data
c:\users\ojm14\documents\github\carnivores-cpe\c2_vs2017\game.cpp(2103): warning C4244: 'argument': conversion from 'double' to 'float', possible loss of data
c:\users\ojm14\documents\github\carnivores-cpe\c2_vs2017\game.cpp(2181): warning C4244: 'initializing': conversion from 'int' to 'float', possible loss of data
c:\users\ojm14\documents\github\carnivores-cpe\c2_vs2017\game.cpp(2246): warning C4244: 'argument': conversion from 'double' to 'float', possible loss of data
c:\users\ojm14\documents\github\carnivores-cpe\c2_vs2017\game.cpp(2347): warning C4244: 'initializing': conversion from 'double' to 'float', possible loss of data
c:\users\ojm14\documents\github\carnivores-cpe\c2_vs2017\game.cpp(2502): warning C4244: 'initializing': conversion from 'double' to 'float', possible loss of data
c:\users\ojm14\documents\github\carnivores-cpe\c2_vs2017\game.cpp(2504): warning C4244: 'initializing': conversion from 'double' to 'float', possible loss of data
c:\users\ojm14\documents\github\carnivores-cpe\c2_vs2017\game.cpp(2506): warning C4244: 'initializing': conversion from 'double' to 'float', possible loss of data
c:\users\ojm14\documents\github\carnivores-cpe\c2_vs2017\game.cpp(2508): warning C4244: 'initializing': conversion from 'double' to 'float', possible loss of data
c:\users\ojm14\documents\github\carnivores-cpe\c2_vs2017\game.cpp(2551): warning C4244: '=': conversion from 'float' to 'int', possible loss of data
c:\users\ojm14\documents\github\carnivores-cpe\c2_vs2017\game.cpp(2477): warning C4102: 'TBEGIN': unreferenced label
c:\users\ojm14\documents\github\carnivores-cpe\c2_vs2017\game.cpp(2682): warning C4244: 'initializing': conversion from 'double' to 'float', possible loss of data
c:\users\ojm14\documents\github\carnivores-cpe\c2_vs2017\game.cpp(2878): warning C4244: '=': conversion from 'int' to 'float', possible loss of data
c:\users\ojm14\documents\github\carnivores-cpe\c2_vs2017\game.cpp(2879): warning C4244: '=': conversion from 'int' to 'float', possible loss of data
c:\users\ojm14\documents\github\carnivores-cpe\c2_vs2017\game.cpp(2982): warning C4244: '+=': conversion from 'double' to 'float', possible loss of data
c:\users\ojm14\documents\github\carnivores-cpe\c2_vs2017\game.cpp(2986): warning C4305: 'argument': truncation from 'double' to 'float'
c:\users\ojm14\documents\github\carnivores-cpe\c2_vs2017\game.cpp(2994): warning C4244: '-=': conversion from 'double' to 'float', possible loss of data
c:\users\ojm14\documents\github\carnivores-cpe\c2_vs2017\game.cpp(2997): warning C4305: 'argument': truncation from 'double' to 'float'
c:\users\ojm14\documents\github\carnivores-cpe\c2_vs2017\game.cpp(3045): warning C4244: 'initializing': conversion from 'int' to 'float', possible loss of data
c:\users\ojm14\documents\github\carnivores-cpe\c2_vs2017\game.cpp(3079): warning C4244: 'initializing': conversion from 'double' to 'float', possible loss of data
c:\users\ojm14\documents\github\carnivores-cpe\c2_vs2017\game.cpp(3080): warning C4244: 'initializing': conversion from 'double' to 'float', possible loss of data
c:\users\ojm14\documents\github\carnivores-cpe\c2_vs2017\game.cpp(3081): warning C4244: 'initializing': conversion from 'int' to 'float', possible loss of data
c:\users\ojm14\documents\github\carnivores-cpe\c2_vs2017\game.cpp(3137): warning C4244: '=': conversion from 'int' to 'float', possible loss of data
  RenderSoft.cpp
c:\users\ojm14\documents\github\carnivores-cpe\c2_vs2017\rendersoft.cpp(193): warning C4244: '=': conversion from 'float' to 'int', possible loss of data
c:\users\ojm14\documents\github\carnivores-cpe\c2_vs2017\rendersoft.cpp(959): warning C4102: 'SKIP': unreferenced label
c:\users\ojm14\documents\github\carnivores-cpe\c2_vs2017\rendersoft.cpp(1507): warning C4244: '=': conversion from 'float' to 'int', possible loss of data
c:\users\ojm14\documents\github\carnivores-cpe\c2_vs2017\rendersoft.cpp(1508): warning C4244: '=': conversion from 'float' to 'int', possible loss of data
c:\users\ojm14\documents\github\carnivores-cpe\c2_vs2017\rendersoft.cpp(1518): warning C4244: '=': conversion from 'float' to 'int', possible loss of data
c:\users\ojm14\documents\github\carnivores-cpe\c2_vs2017\rendersoft.cpp(1519): warning C4244: '=': conversion from 'float' to 'int', possible loss of data
c:\users\ojm14\documents\github\carnivores-cpe\c2_vs2017\rendersoft.cpp(2020): warning C4244: '=': conversion from 'int' to 'float', possible loss of data
c:\users\ojm14\documents\github\carnivores-cpe\c2_vs2017\rendersoft.cpp(2021): warning C4244: '=': conversion from 'int' to 'float', possible loss of data
c:\users\ojm14\documents\github\carnivores-cpe\c2_vs2017\rendersoft.cpp(2023): warning C4244: '=': conversion from 'int' to 'float', possible loss of data
c:\users\ojm14\documents\github\carnivores-cpe\c2_vs2017\rendersoft.cpp(2024): warning C4244: '=': conversion from 'int' to 'float', possible loss of data
c:\users\ojm14\documents\github\carnivores-cpe\c2_vs2017\rendersoft.cpp(2026): warning C4244: '=': conversion from 'int' to 'float', possible loss of data
c:\users\ojm14\documents\github\carnivores-cpe\c2_vs2017\rendersoft.cpp(2027): warning C4244: '=': conversion from 'int' to 'float', possible loss of data
c:\users\ojm14\documents\github\carnivores-cpe\c2_vs2017\rendersoft.cpp(2073): warning C4244: '=': conversion from 'float' to 'int', possible loss of data
c:\users\ojm14\documents\github\carnivores-cpe\c2_vs2017\rendersoft.cpp(2074): warning C4244: '=': conversion from 'float' to 'int', possible loss of data
c:\users\ojm14\documents\github\carnivores-cpe\c2_vs2017\rendersoft.cpp(2084): warning C4244: '=': conversion from 'float' to 'int', possible loss of data
c:\users\ojm14\documents\github\carnivores-cpe\c2_vs2017\rendersoft.cpp(2085): warning C4244: '=': conversion from 'float' to 'int', possible loss of data
c:\users\ojm14\documents\github\carnivores-cpe\c2_vs2017\rendersoft.cpp(2187): warning C4244: '=': conversion from 'int' to 'float', possible loss of data
c:\users\ojm14\documents\github\carnivores-cpe\c2_vs2017\rendersoft.cpp(2188): warning C4244: '=': conversion from 'int' to 'float', possible loss of data
c:\users\ojm14\documents\github\carnivores-cpe\c2_vs2017\rendersoft.cpp(2190): warning C4244: '=': conversion from 'int' to 'float', possible loss of data
c:\users\ojm14\documents\github\carnivores-cpe\c2_vs2017\rendersoft.cpp(2191): warning C4244: '=': conversion from 'int' to 'float', possible loss of data
c:\users\ojm14\documents\github\carnivores-cpe\c2_vs2017\rendersoft.cpp(2193): warning C4244: '=': conversion from 'int' to 'float', possible loss of data
c:\users\ojm14\documents\github\carnivores-cpe\c2_vs2017\rendersoft.cpp(2194): warning C4244: '=': conversion from 'int' to 'float', possible loss of data
c:\users\ojm14\documents\github\carnivores-cpe\c2_vs2017\rendersoft.cpp(2222): warning C4244: '=': conversion from 'float' to 'int', possible loss of data
c:\users\ojm14\documents\github\carnivores-cpe\c2_vs2017\rendersoft.cpp(2223): warning C4244: '=': conversion from 'float' to 'int', possible loss of data
c:\users\ojm14\documents\github\carnivores-cpe\c2_vs2017\rendersoft.cpp(2233): warning C4244: '=': conversion from 'float' to 'int', possible loss of data
c:\users\ojm14\documents\github\carnivores-cpe\c2_vs2017\rendersoft.cpp(2234): warning C4244: '=': conversion from 'float' to 'int', possible loss of data
c:\users\ojm14\documents\github\carnivores-cpe\c2_vs2017\rendersoft.cpp(2372): warning C4101: 'f': unreferenced local variable
c:\users\ojm14\documents\github\carnivores-cpe\c2_vs2017\rendersoft.cpp(2500): warning C4244: '=': conversion from 'int' to 'float', possible loss of data
c:\users\ojm14\documents\github\carnivores-cpe\c2_vs2017\rendersoft.cpp(2501): warning C4244: '=': conversion from 'int' to 'float', possible loss of data
c:\users\ojm14\documents\github\carnivores-cpe\c2_vs2017\rendersoft.cpp(2503): warning C4244: '=': conversion from 'int' to 'float', possible loss of data
c:\users\ojm14\documents\github\carnivores-cpe\c2_vs2017\rendersoft.cpp(2504): warning C4244: '=': conversion from 'int' to 'float', possible loss of data
c:\users\ojm14\documents\github\carnivores-cpe\c2_vs2017\rendersoft.cpp(2506): warning C4244: '=': conversion from 'int' to 'float', possible loss of data
c:\users\ojm14\documents\github\carnivores-cpe\c2_vs2017\rendersoft.cpp(2507): warning C4244: '=': conversion from 'int' to 'float', possible loss of data
c:\users\ojm14\documents\github\carnivores-cpe\c2_vs2017\rendersoft.cpp(2530): warning C4244: '=': conversion from 'float' to 'int', possible loss of data
c:\users\ojm14\documents\github\carnivores-cpe\c2_vs2017\rendersoft.cpp(2531): warning C4244: '=': conversion from 'float' to 'int', possible loss of data
c:\users\ojm14\documents\github\carnivores-cpe\c2_vs2017\rendersoft.cpp(2544): warning C4244: '=': conversion from 'float' to 'int', possible loss of data
c:\users\ojm14\documents\github\carnivores-cpe\c2_vs2017\rendersoft.cpp(2545): warning C4244: '=': conversion from 'float' to 'int', possible loss of data
c:\users\ojm14\documents\github\carnivores-cpe\c2_vs2017\rendersoft.cpp(2570): warning C4244: '=': conversion from 'float' to 'int', possible loss of data
c:\users\ojm14\documents\github\carnivores-cpe\c2_vs2017\rendersoft.cpp(2614): warning C4244: '=': conversion from 'float' to 'int', possible loss of data
c:\users\ojm14\documents\github\carnivores-cpe\c2_vs2017\rendersoft.cpp(2636): warning C4244: '=': conversion from 'float' to 'int', possible loss of data
c:\users\ojm14\documents\github\carnivores-cpe\c2_vs2017\rendersoft.cpp(2658): warning C4244: '=': conversion from 'float' to 'int', possible loss of data
c:\users\ojm14\documents\github\carnivores-cpe\c2_vs2017\rendersoft.cpp(2681): warning C4244: '=': conversion from 'float' to 'int', possible loss of data
c:\users\ojm14\documents\github\carnivores-cpe\c2_vs2017\rendersoft.cpp(2702): warning C4244: '=': conversion from 'float' to 'int', possible loss of data
c:\users\ojm14\documents\github\carnivores-cpe\c2_vs2017\rendersoft.cpp(2838): warning C4244: 'initializing': conversion from 'double' to 'int', possible loss of data
c:\users\ojm14\documents\github\carnivores-cpe\c2_vs2017\rendersoft.cpp(2839): warning C4244: 'initializing': conversion from 'double' to 'int', possible loss of data
c:\users\ojm14\documents\github\carnivores-cpe\c2_vs2017\rendersoft.cpp(2911): warning C4305: 'initializing': truncation from 'double' to 'float'
c:\users\ojm14\documents\github\carnivores-cpe\c2_vs2017\rendersoft.cpp(2918): warning C4305: '=': truncation from 'double' to 'float'
c:\users\ojm14\documents\github\carnivores-cpe\c2_vs2017\rendersoft.cpp(2926): warning C4305: '=': truncation from 'double' to 'float'
c:\users\ojm14\documents\github\carnivores-cpe\c2_vs2017\rendersoft.cpp(2934): warning C4305: '=': truncation from 'double' to 'float'
c:\users\ojm14\documents\github\carnivores-cpe\c2_vs2017\rendersoft.cpp(2946): warning C4244: 'argument': conversion from 'double' to 'float', possible loss of data
c:\users\ojm14\documents\github\carnivores-cpe\c2_vs2017\rendersoft.cpp(2947): warning C4244: 'argument': conversion from 'double' to 'float', possible loss of data
c:\users\ojm14\documents\github\carnivores-cpe\c2_vs2017\rendersoft.cpp(2954): warning C4244: '+=': conversion from 'double' to 'float', possible loss of data
c:\users\ojm14\documents\github\carnivores-cpe\c2_vs2017\rendersoft.cpp(2956): warning C4244: 'argument': conversion from 'float' to 'int', possible loss of data
c:\users\ojm14\documents\github\carnivores-cpe\c2_vs2017\rendersoft.cpp(2961): warning C4244: '+=': conversion from 'double' to 'float', possible loss of data
c:\users\ojm14\documents\github\carnivores-cpe\c2_vs2017\rendersoft.cpp(2963): warning C4244: 'argument': conversion from 'float' to 'int', possible loss of data
c:\users\ojm14\documents\github\carnivores-cpe\c2_vs2017\rendersoft.cpp(2964): warning C4244: 'argument': conversion from 'float' to 'int', possible loss of data
c:\users\ojm14\documents\github\carnivores-cpe\c2_vs2017\rendersoft.cpp(3019): warning C4305: '=': truncation from 'double' to 'float'
c:\users\ojm14\documents\github\carnivores-cpe\c2_vs2017\rendersoft.cpp(3026): warning C4244: 'argument': conversion from 'int' to 'float', possible loss of data
c:\users\ojm14\documents\github\carnivores-cpe\c2_vs2017\rendersoft.cpp(3041): warning C4244: '=': conversion from 'int' to 'float', possible loss of data
c:\users\ojm14\documents\github\carnivores-cpe\c2_vs2017\rendersoft.cpp(3042): warning C4244: '=': conversion from 'int' to 'float', possible loss of data
c:\users\ojm14\documents\github\carnivores-cpe\c2_vs2017\rendersoft.cpp(3055): warning C4244: '=': conversion from 'int' to 'float', possible loss of data
c:\users\ojm14\documents\github\carnivores-cpe\c2_vs2017\rendersoft.cpp(3056): warning C4244: '=': conversion from 'int' to 'float', possible loss of data
c:\users\ojm14\documents\github\carnivores-cpe\c2_vs2017\rendersoft.cpp(3064): warning C4244: 'argument': conversion from 'float' to 'int', possible loss of data
c:\users\ojm14\documents\github\carnivores-cpe\c2_vs2017\rendersoft.cpp(3065): warning C4244: 'argument': conversion from 'float' to 'int', possible loss of data
  Generating code
  8 of 384 functions ( 2.1%) were compiled, the rest were copied from previous compilation.
    0 functions were new in current compilation
    4 functions had inline decision re-evaluated but remain unchanged
  Finished generating code
  C2.vcxproj -> C:\Users\ojm14\Documents\GitHub\Carnivores-CPE\C2_vs2017\Release Soft\v_soft.ren
